
> al-durr@0.1.0 dev
> next dev

  ▲ Next.js 14.2.16
  - Local:        http://localhost:3000

 ✓ Starting...
 ✓ Ready in 4.2s
 ○ Compiling / ...
 ✓ Compiled / in 7.5s (1471 modules)
FAQSection Render 0
 GET / 200 in 7721ms
 ✓ Compiled in 194ms (714 modules)
 ✓ Compiled /_not-found in 223ms (1424 modules)
 GET /apple-touch-icon-precomposed.png 404 in 267ms
 GET /apple-touch-icon.png 404 in 13ms
 ✓ Compiled /favicon.ico in 89ms (753 modules)
 GET /favicon.ico 200 in 127ms
FAQSection Render 0
 HEAD / 200 in 137ms
FAQSection Render 0
 GET / 200 in 60ms
FAQSection Render 0
 GET / 200 in 34ms
