
> al-durr@0.1.0 dev
> next dev

 ⚠ Port 3000 is in use, trying 3001 instead.
 ⚠ Port 3001 is in use, trying 3002 instead.
 ⚠ Port 3002 is in use, trying 3003 instead.
  ▲ Next.js 14.2.16
  - Local:        http://localhost:3003

 ✓ Starting...
Error: Invalid package config /Users/julas/Desktop/Websites Geral/Al Durr/node_modules/next/dist/compiled/@edge-runtime/ponyfill/package.json.
    at Object.read (node:internal/modules/package_json_reader:116:33)
    at _readPackage (node:internal/modules/cjs/loader:490:55)
    at tryPackage (node:internal/modules/cjs/loader:511:36)
    at Module._findPath (node:internal/modules/cjs/loader:793:18)
    at Module.<anonymous> (node:internal/modules/cjs/loader:1406:27)
    at /Users/julas/Desktop/Websites Geral/Al Durr/node_modules/next/dist/server/require-hook.js:55:36
    at defaultResolveImpl (node:internal/modules/cjs/loader:1059:19)
    at resolveForCJSWithHooks (node:internal/modules/cjs/loader:1064:22)
    at Module._load (node:internal/modules/cjs/loader:1227:37)
    at TracingChannel.traceSync (node:diagnostics_channel:328:14) {
  code: 'ERR_INVALID_PACKAGE_CONFIG'
}
[?25h
